// Jest Snapshot v1, https://goo.gl/fbAQLP

exports[`test IQR function returns the same Snapshot 1`] = `
Array [
  Array [
    0.05602,
    38.2899,
    "Sell",
  ],
  Array [
    0.05607,
    31.6107,
    "Sell",
  ],
  Array [
    0.05613,
    4.58,
    "Sell",
  ],
  Array [
    0.05616,
    5.348332,
    "Sell",
  ],
  Array [
    0.05618,
    48.983591,
    "Sell",
  ],
  Array [
    0.05619,
    0.375525,
    "Sell",
  ],
  Array [
    0.05621,
    0.509501,
    "Sell",
  ],
  Array [
    0.05622,
    0.45,
    "Sell",
  ],
  Array [
    0.05623,
    33.1087,
    "Sell",
  ],
  Array [
    0.05625,
    15,
    "Sell",
  ],
  Array [
    0.0564,
    0.725636,
    "Sell",
  ],
  Array [
    0.05641,
    2.08,
    "Sell",
  ],
  Array [
    0.05644,
    0.527551,
    "Sell",
  ],
  Array [
    0.05645,
    3.301883,
    "Sell",
  ],
  Array [
    0.05646,
    1.075877,
    "Sell",
  ],
  Array [
    0.05647,
    5.355121,
    "Sell",
  ],
  Array [
    0.05648,
    16.56485,
    "Sell",
  ],
  Array [
    0.05649,
    137.467738,
    "Sell",
  ],
  Array [
    0.0565,
    267.503401,
    "Sell",
  ],
  Array [
    0.05651,
    12.183912,
    "Sell",
  ],
  Array [
    0.05652,
    131.170038,
    "Sell",
  ],
  Array [
    0.05653,
    27.440091,
    "Sell",
  ],
  Array [
    0.05654,
    11.658855,
    "Sell",
  ],
  Array [
    0.05655,
    198.709572,
    "Sell",
  ],
  Array [
    0.05656,
    48.414833,
    "Sell",
  ],
  Array [
    0.05657,
    337.265529,
    "Sell",
  ],
  Array [
    0.05658,
    117.590932,
    "Sell",
  ],
  Array [
    0.05659,
    111.579327,
    "Sell",
  ],
  Array [
    0.0566,
    144.119634,
    "Sell",
  ],
  Array [
    0.05661,
    166.945563,
    "Sell",
  ],
  Array [
    0.05662,
    60.917347,
    "Sell",
  ],
  Array [
    0.05689,
    0.006344,
    "Buy",
  ],
  Array [
    0.05669,
    0.23,
    "Buy",
  ],
  Array [
    0.05668,
    0.018,
    "Buy",
  ],
  Array [
    0.05665,
    0.012,
    "Buy",
  ],
  Array [
    0.05663,
    0.1,
    "Buy",
  ],
  Array [
    0.05662,
    0.067,
    "Buy",
  ],
  Array [
    0.05659,
    0.0036,
    "Buy",
  ],
  Array [
    0.05658,
    30,
    "Buy",
  ],
  Array [
    0.05656,
    14.213778,
    "Buy",
  ],
  Array [
    0.05651,
    6,
    "Buy",
  ],
  Array [
    0.0565,
    6.5051,
    "Buy",
  ],
  Array [
    0.05649,
    3.577169,
    "Buy",
  ],
  Array [
    0.05646,
    2.645,
    "Buy",
  ],
  Array [
    0.05645,
    0.575161,
    "Buy",
  ],
  Array [
    0.05644,
    5.544292,
    "Buy",
  ],
  Array [
    0.05643,
    12.69,
    "Buy",
  ],
  Array [
    0.05642,
    0.106895,
    "Buy",
  ],
  Array [
    0.05641,
    4.590461,
    "Buy",
  ],
  Array [
    0.0564,
    52.604524,
    "Buy",
  ],
  Array [
    0.05639,
    87.890628,
    "Buy",
  ],
  Array [
    0.05638,
    42.867022,
    "Buy",
  ],
  Array [
    0.05637,
    196.489507,
    "Buy",
  ],
  Array [
    0.05636,
    116.937606,
    "Buy",
  ],
  Array [
    0.05635,
    243.82495,
    "Buy",
  ],
  Array [
    0.05634,
    57.615363,
    "Buy",
  ],
  Array [
    0.05633,
    134.618913,
    "Buy",
  ],
  Array [
    0.05632,
    571.805039,
    "Buy",
  ],
  Array [
    0.05631,
    162.867853,
    "Buy",
  ],
  Array [
    0.0563,
    2.692719,
    "Buy",
  ],
  Array [
    0.05625,
    0.088887,
    "Buy",
  ],
]
`;

exports[`test Snapshot of market depth output is consistent based on inputs 1`] = `
Array [
  Array [
    Object {
      "type": "Sell",
      "x": 0.05602,
      "y": 38.2899,
    },
    Object {
      "type": "Sell",
      "x": 0.05607,
      "y": 69.9006,
    },
    Object {
      "type": "Sell",
      "x": 0.05613,
      "y": 74.4806,
    },
    Object {
      "type": "Sell",
      "x": 0.05616,
      "y": 79.828932,
    },
    Object {
      "type": "Sell",
      "x": 0.05618,
      "y": 128.812523,
    },
    Object {
      "type": "Sell",
      "x": 0.05619,
      "y": 129.188048,
    },
    Object {
      "type": "Sell",
      "x": 0.05621,
      "y": 129.697549,
    },
    Object {
      "type": "Sell",
      "x": 0.05622,
      "y": 130.147549,
    },
    Object {
      "type": "Sell",
      "x": 0.05623,
      "y": 163.256249,
    },
    Object {
      "type": "Sell",
      "x": 0.05625,
      "y": 178.256249,
    },
    Object {
      "type": "Sell",
      "x": 0.0564,
      "y": 178.981885,
    },
    Object {
      "type": "Sell",
      "x": 0.05641,
      "y": 181.06188500000002,
    },
    Object {
      "type": "Sell",
      "x": 0.05644,
      "y": 181.589436,
    },
    Object {
      "type": "Sell",
      "x": 0.05645,
      "y": 184.891319,
    },
    Object {
      "type": "Sell",
      "x": 0.05646,
      "y": 185.967196,
    },
    Object {
      "type": "Sell",
      "x": 0.05647,
      "y": 191.322317,
    },
    Object {
      "type": "Sell",
      "x": 0.05648,
      "y": 207.887167,
    },
    Object {
      "type": "Sell",
      "x": 0.05649,
      "y": 345.35490500000003,
    },
    Object {
      "type": "Sell",
      "x": 0.0565,
      "y": 612.8583060000001,
    },
    Object {
      "type": "Sell",
      "x": 0.05651,
      "y": 625.042218,
    },
    Object {
      "type": "Sell",
      "x": 0.05652,
      "y": 756.212256,
    },
    Object {
      "type": "Sell",
      "x": 0.05653,
      "y": 783.6523470000001,
    },
    Object {
      "type": "Sell",
      "x": 0.05654,
      "y": 795.3112020000001,
    },
    Object {
      "type": "Sell",
      "x": 0.05655,
      "y": 994.0207740000001,
    },
    Object {
      "type": "Sell",
      "x": 0.05656,
      "y": 1042.4356070000001,
    },
    Object {
      "type": "Sell",
      "x": 0.05657,
      "y": 1379.7011360000001,
    },
    Object {
      "type": "Sell",
      "x": 0.05658,
      "y": 1497.2920680000002,
    },
    Object {
      "type": "Sell",
      "x": 0.05659,
      "y": 1608.8713950000001,
    },
    Object {
      "type": "Sell",
      "x": 0.0566,
      "y": 1752.991029,
    },
    Object {
      "type": "Sell",
      "x": 0.05661,
      "y": 1919.936592,
    },
    Object {
      "type": "Sell",
      "x": 0.05662,
      "y": 1980.853939,
    },
  ],
  Array [
    Object {
      "type": "Buy",
      "x": 0.05625,
      "y": 1757.187811,
    },
    Object {
      "type": "Buy",
      "x": 0.0563,
      "y": 1757.098924,
    },
    Object {
      "type": "Buy",
      "x": 0.05631,
      "y": 1754.406205,
    },
    Object {
      "type": "Buy",
      "x": 0.05632,
      "y": 1591.538352,
    },
    Object {
      "type": "Buy",
      "x": 0.05633,
      "y": 1019.7333130000001,
    },
    Object {
      "type": "Buy",
      "x": 0.05634,
      "y": 885.1144,
    },
    Object {
      "type": "Buy",
      "x": 0.05635,
      "y": 827.499037,
    },
    Object {
      "type": "Buy",
      "x": 0.05636,
      "y": 583.674087,
    },
    Object {
      "type": "Buy",
      "x": 0.05637,
      "y": 466.736481,
    },
    Object {
      "type": "Buy",
      "x": 0.05638,
      "y": 270.246974,
    },
    Object {
      "type": "Buy",
      "x": 0.05639,
      "y": 227.379952,
    },
    Object {
      "type": "Buy",
      "x": 0.0564,
      "y": 139.489324,
    },
    Object {
      "type": "Buy",
      "x": 0.05641,
      "y": 86.8848,
    },
    Object {
      "type": "Buy",
      "x": 0.05642,
      "y": 82.294339,
    },
    Object {
      "type": "Buy",
      "x": 0.05643,
      "y": 82.187444,
    },
    Object {
      "type": "Buy",
      "x": 0.05644,
      "y": 69.497444,
    },
    Object {
      "type": "Buy",
      "x": 0.05645,
      "y": 63.953152,
    },
    Object {
      "type": "Buy",
      "x": 0.05646,
      "y": 63.377991,
    },
    Object {
      "type": "Buy",
      "x": 0.05649,
      "y": 60.732991,
    },
    Object {
      "type": "Buy",
      "x": 0.0565,
      "y": 57.155822,
    },
    Object {
      "type": "Buy",
      "x": 0.05651,
      "y": 50.650722,
    },
    Object {
      "type": "Buy",
      "x": 0.05656,
      "y": 44.650722,
    },
    Object {
      "type": "Buy",
      "x": 0.05658,
      "y": 30.436944,
    },
    Object {
      "type": "Buy",
      "x": 0.05659,
      "y": 0.436944,
    },
    Object {
      "type": "Buy",
      "x": 0.05662,
      "y": 0.433344,
    },
    Object {
      "type": "Buy",
      "x": 0.05663,
      "y": 0.366344,
    },
    Object {
      "type": "Buy",
      "x": 0.05665,
      "y": 0.266344,
    },
    Object {
      "type": "Buy",
      "x": 0.05668,
      "y": 0.254344,
    },
    Object {
      "type": "Buy",
      "x": 0.05669,
      "y": 0.236344,
    },
    Object {
      "type": "Buy",
      "x": 0.05689,
      "y": 0.006344,
    },
  ],
  "0.05613500",
]
`;
